File "invalid_payload_type_in_try.ml", line 1, characters 21-33:
Error: ppx_effects: invalid node ‘[%effect <expr>]’ used as a pattern.
       Hint: did you mean to use ‘[%effect? <pattern>]’ instead?
