File "malformed_payload_hint_missing_comma.ml", line 1, characters 23-55:
Error: ppx_effects: invalid [%effect? ...] payload. Expected a pattern for an (eff, continuation) pair.
       Hint: did you mean ‘[%effect? E, k]’?
