let raise = `shadowed
let () =
  Ppx_effects_runtime.match_with (fun `unit -> ()) `unit
    {
      Ppx_effects_runtime.retc = (function | () -> ());
      exnc = Ppx_effects_runtime.raise;
      effc =
        (let effc : type continue_input.
           continue_input Stdlib.EffectHandlers.eff ->
             ((continue_input, _) Stdlib.EffectHandlers.Deep.continuation ->
                _)
               option
           = function | _ -> Some ((fun _ -> ())) in
         effc)
    }
